I'm sorry, but errors were detected in your script. Please correct the
errors listed below, and try again.


File "game/imagens.rpy", line 22: expected statement.
    imagem CH_Morador2 = "Personagens/morador ladrao.png"
                       ^

Ren'Py Version: Ren'Py 8.1.3.23091805
Thu Feb  8 14:13:49 2024
